
[2026-05-19 16:21:14]
{'CarTable.jsx': '\nexport default function CarTable() {\n  return (\n    <div>\n      <h1>CarTable</h1>\n    </div>\n  );\n}\n', 'CarForm.jsx': '\nexport default function CarForm() {\n  return (\n    <div>\n      <h1>CarForm</h1>\n    </div>\n  );\n}\n', 'DeleteButton.jsx': '\nexport default function DeleteButton() {\n  return (\n    <div>\n      <h1>DeleteButton</h1>\n    </div>\n  );\n}\n', 'EditButton.jsx': '\nexport default function EditButton() {\n  return (\n    <div>\n      <h1>EditButton</h1>\n    </div>\n  );\n}\n'}

[2026-05-19 16:21:44]
{'CarTable.jsx': '\nexport default function CarTable() {\n  return (\n    <div>\n      <h1>CarTable</h1>\n    </div>\n  );\n}\n', 'CarForm.jsx': '\nexport default function CarForm() {\n  return (\n    <div>\n      <h1>CarForm</h1>\n    </div>\n  );\n}\n', 'ConfirmationDialog.jsx': '\nexport default function ConfirmationDialog() {\n  return (\n    <div>\n      <h1>ConfirmationDialog</h1>\n    </div>\n  );\n}\n'}

[2026-05-19 16:22:19]
{'CarTable.jsx': '\nexport default function CarTable() {\n  return (\n    <div>\n      <h1>CarTable</h1>\n    </div>\n  );\n}\n', 'CarForm.jsx': '\nexport default function CarForm() {\n  return (\n    <div>\n      <h1>CarForm</h1>\n    </div>\n  );\n}\n', 'ConfirmationDialog.jsx': '\nexport default function ConfirmationDialog() {\n  return (\n    <div>\n      <h1>ConfirmationDialog</h1>\n    </div>\n  );\n}\n', 'EditButton.jsx': '\nexport default function EditButton() {\n  return (\n    <div>\n      <h1>EditButton</h1>\n    </div>\n  );\n}\n', 'DeleteButton.jsx': '\nexport default function DeleteButton() {\n  return (\n    <div>\n      <h1>DeleteButton</h1>\n    </div>\n  );\n}\n'}

[2026-05-19 16:23:06]
{'CarTable.jsx': '\nexport default function CarTable() {\n  return (\n    <div>\n      <h1>CarTable</h1>\n    </div>\n  );\n}\n', 'CarForm.jsx': '\nexport default function CarForm() {\n  return (\n    <div>\n      <h1>CarForm</h1>\n    </div>\n  );\n}\n', 'ConfirmationDialog.jsx': '\nexport default function ConfirmationDialog() {\n  return (\n    <div>\n      <h1>ConfirmationDialog</h1>\n    </div>\n  );\n}\n'}

[2026-05-19 16:23:38]
{'CarTable.jsx': '\nexport default function CarTable() {\n  return (\n    <div>\n      <h1>CarTable</h1>\n    </div>\n  );\n}\n', 'CarForm.jsx': '\nexport default function CarForm() {\n  return (\n    <div>\n      <h1>CarForm</h1>\n    </div>\n  );\n}\n', 'ConfirmationDialog.jsx': '\nexport default function ConfirmationDialog() {\n  return (\n    <div>\n      <h1>ConfirmationDialog</h1>\n    </div>\n  );\n}\n'}

[2026-05-19 16:37:11]
{'CarTable.jsx': '\nexport default function CarTable() {\n  return (\n    <div>\n      <h1>CarTable</h1>\n    </div>\n  );\n}\n', 'CarForm.jsx': '\nexport default function CarForm() {\n  return (\n    <div>\n      <h1>CarForm</h1>\n    </div>\n  );\n}\n', 'DeleteButton.jsx': '\nexport default function DeleteButton() {\n  return (\n    <div>\n      <h1>DeleteButton</h1>\n    </div>\n  );\n}\n', 'EditButton.jsx': '\nexport default function EditButton() {\n  return (\n    <div>\n      <h1>EditButton</h1>\n    </div>\n  );\n}\n'}

[2026-05-19 17:08:56]
{'CarTable.jsx': '\nexport default function CarTable() {\n  return (\n    <div>\n      <h1>CarTable</h1>\n    </div>\n  );\n}\n', 'CarForm.jsx': '\nexport default function CarForm() {\n  return (\n    <div>\n      <h1>CarForm</h1>\n    </div>\n  );\n}\n'}

[2026-05-19 17:09:27]
{'CarTable.jsx': '\nexport default function CarTable() {\n  return (\n    <div>\n      <h1>CarTable</h1>\n    </div>\n  );\n}\n', 'CarForm.jsx': '\nexport default function CarForm() {\n  return (\n    <div>\n      <h1>CarForm</h1>\n    </div>\n  );\n}\n', 'DeleteButton.jsx': '\nexport default function DeleteButton() {\n  return (\n    <div>\n      <h1>DeleteButton</h1>\n    </div>\n  );\n}\n', 'EditButton.jsx': '\nexport default function EditButton() {\n  return (\n    <div>\n      <h1>EditButton</h1>\n    </div>\n  );\n}\n'}

[2026-05-19 17:10:05]
{'CarTable.jsx': '\nexport default function CarTable() {\n  return (\n    <div>\n      <h1>CarTable</h1>\n    </div>\n  );\n}\n', 'CarForm.jsx': '\nexport default function CarForm() {\n  return (\n    <div>\n      <h1>CarForm</h1>\n    </div>\n  );\n}\n', 'DeleteButton.jsx': '\nexport default function DeleteButton() {\n  return (\n    <div>\n      <h1>DeleteButton</h1>\n    </div>\n  );\n}\n', 'EditButton.jsx': '\nexport default function EditButton() {\n  return (\n    <div>\n      <h1>EditButton</h1>\n    </div>\n  );\n}\n'}

[2026-05-19 17:10:38]
{'CarTable.jsx': '\nexport default function CarTable() {\n  return (\n    <div>\n      <h1>CarTable</h1>\n    </div>\n  );\n}\n', 'CarForm.jsx': '\nexport default function CarForm() {\n  return (\n    <div>\n      <h1>CarForm</h1>\n    </div>\n  );\n}\n', 'PlateNumberInput.jsx': '\nexport default function PlateNumberInput() {\n  return (\n    <div>\n      <h1>PlateNumberInput</h1>\n    </div>\n  );\n}\n', 'DeleteButton.jsx': '\nexport default function DeleteButton() {\n  return (\n    <div>\n      <h1>DeleteButton</h1>\n    </div>\n  );\n}\n', 'EditButton.jsx': '\nexport default function EditButton() {\n  return (\n    <div>\n      <h1>EditButton</h1>\n    </div>\n  );\n}\n'}

[2026-05-19 17:11:12]
{'CarTable.jsx': '\nexport default function CarTable() {\n  return (\n    <div>\n      <h1>CarTable</h1>\n    </div>\n  );\n}\n', 'CarForm.jsx': '\nexport default function CarForm() {\n  return (\n    <div>\n      <h1>CarForm</h1>\n    </div>\n  );\n}\n', 'DeleteButton.jsx': '\nexport default function DeleteButton() {\n  return (\n    <div>\n      <h1>DeleteButton</h1>\n    </div>\n  );\n}\n', 'EditButton.jsx': '\nexport default function EditButton() {\n  return (\n    <div>\n      <h1>EditButton</h1>\n    </div>\n  );\n}\n'}

[2026-05-19 21:19:16]
{'CarTable.jsx': '\nexport default function CarTable() {\n  return (\n    <div>\n      <h1>CarTable</h1>\n    </div>\n  );\n}\n', 'CarForm.jsx': '\nexport default function CarForm() {\n  return (\n    <div>\n      <h1>CarForm</h1>\n    </div>\n  );\n}\n', 'DeleteButton.jsx': '\nexport default function DeleteButton() {\n  return (\n    <div>\n      <h1>DeleteButton</h1>\n    </div>\n  );\n}\n', 'EditButton.jsx': '\nexport default function EditButton() {\n  return (\n    <div>\n      <h1>EditButton</h1>\n    </div>\n  );\n}\n'}

[2026-05-19 21:21:32]
{'CarTable.jsx': '\nexport default function CarTable() {\n  return (\n    <div>\n      <h1>CarTable</h1>\n    </div>\n  );\n}\n', 'CarForm.jsx': '\nexport default function CarForm() {\n  return (\n    <div>\n      <h1>CarForm</h1>\n    </div>\n  );\n}\n', 'DeleteButton.jsx': '\nexport default function DeleteButton() {\n  return (\n    <div>\n      <h1>DeleteButton</h1>\n    </div>\n  );\n}\n', 'EditButton.jsx': '\nexport default function EditButton() {\n  return (\n    <div>\n      <h1>EditButton</h1>\n    </div>\n  );\n}\n'}
